{
    "id": "c70b72b0-e028-4f1f-86eb-25567a51e6d0",
    "distanceKilometers": 636.97,
    "locations": [
        "Marszałkowska 100, Warszawa, PL",
        "Argentinská 1, Praha, CZ"
    ],
    "createdAt": 1535908668
}
