{
    "transits": [
        {
            "id": "@string@",
            "distanceKilometers": "@integer@",
            "locations": "@array@",
            "createdAt": "@integer@"
        }
    ]
}
